C:/Users/torgj/Documents/Ranger/Ranger_module_firmware/AceHigh_common/AceHigh_Src/ranger_bootloader.c:55:6:ranger_bootloader_init	8	static
C:/Users/torgj/Documents/Ranger/Ranger_module_firmware/AceHigh_common/AceHigh_Src/ranger_bootloader.c:69:6:ranger_bootloader_task	24	static
C:/Users/torgj/Documents/Ranger/Ranger_module_firmware/AceHigh_common/AceHigh_Src/ranger_bootloader.c:95:16:app_is_valid	16	static
C:/Users/torgj/Documents/Ranger/Ranger_module_firmware/AceHigh_common/AceHigh_Src/ranger_bootloader.c:127:13:jump_to_app	24	static,ignoring_inline_asm
C:/Users/torgj/Documents/Ranger/Ranger_module_firmware/AceHigh_common/AceHigh_Src/ranger_bootloader.c:151:16:erase_app_area	16	static
C:/Users/torgj/Documents/Ranger/Ranger_module_firmware/AceHigh_common/AceHigh_Src/ranger_bootloader.c:157:16:write_flash	24	static
C:/Users/torgj/Documents/Ranger/Ranger_module_firmware/AceHigh_common/AceHigh_Src/ranger_bootloader.c:168:6:bootloader_handle_frame	24	static
C:/Users/torgj/Documents/Ranger/Ranger_module_firmware/AceHigh_common/AceHigh_Src/ranger_bootloader.c:255:13:bootloader_handle_ping	32	static
C:/Users/torgj/Documents/Ranger/Ranger_module_firmware/AceHigh_common/AceHigh_Src/ranger_bootloader.c:290:13:bootloader_handle_start	32	static
C:/Users/torgj/Documents/Ranger/Ranger_module_firmware/AceHigh_common/AceHigh_Src/ranger_bootloader.c:382:13:bootloader_handle_data	40	static
C:/Users/torgj/Documents/Ranger/Ranger_module_firmware/AceHigh_common/AceHigh_Src/ranger_bootloader.c:552:13:bootloader_handle_end	32	static
