C:/Users/torgj/Documents/Ranger/Ranger_module_firmware/AceHigh_common/AceHigh_Src/ranger_bootloader.c:66:6:ranger_bootloader_init	8	static
C:/Users/torgj/Documents/Ranger/Ranger_module_firmware/AceHigh_common/AceHigh_Src/ranger_bootloader.c:80:6:ranger_bootloader_task	24	static
C:/Users/torgj/Documents/Ranger/Ranger_module_firmware/AceHigh_common/AceHigh_Src/ranger_bootloader.c:109:16:app_is_valid	16	static
C:/Users/torgj/Documents/Ranger/Ranger_module_firmware/AceHigh_common/AceHigh_Src/ranger_bootloader.c:150:13:jump_to_app	24	static,ignoring_inline_asm
C:/Users/torgj/Documents/Ranger/Ranger_module_firmware/AceHigh_common/AceHigh_Src/ranger_bootloader.c:197:16:erase_app_area	48	static
C:/Users/torgj/Documents/Ranger/Ranger_module_firmware/AceHigh_common/AceHigh_Src/ranger_bootloader.c:357:16:write_flash	32	static
C:/Users/torgj/Documents/Ranger/Ranger_module_firmware/AceHigh_common/AceHigh_Src/ranger_bootloader.c:454:16:flush_flash_buffer	48	static
C:/Users/torgj/Documents/Ranger/Ranger_module_firmware/AceHigh_common/AceHigh_Src/ranger_bootloader.c:586:6:bootloader_handle_frame	24	static
C:/Users/torgj/Documents/Ranger/Ranger_module_firmware/AceHigh_common/AceHigh_Src/ranger_bootloader.c:673:13:bootloader_handle_ping	32	static
C:/Users/torgj/Documents/Ranger/Ranger_module_firmware/AceHigh_common/AceHigh_Src/ranger_bootloader.c:708:13:bootloader_handle_start	32	static
C:/Users/torgj/Documents/Ranger/Ranger_module_firmware/AceHigh_common/AceHigh_Src/ranger_bootloader.c:807:13:bootloader_handle_data	40	static
C:/Users/torgj/Documents/Ranger/Ranger_module_firmware/AceHigh_common/AceHigh_Src/ranger_bootloader.c:977:13:bootloader_handle_end	32	static
