C:/Users/torgj/Documents/Ranger/Ranger_module_firmware/AceHigh_common/AceHigh_Src/ranger_bootloader.c:66:6:ranger_bootloader_init	8	static
C:/Users/torgj/Documents/Ranger/Ranger_module_firmware/AceHigh_common/AceHigh_Src/ranger_bootloader.c:80:6:ranger_bootloader_task	24	static
C:/Users/torgj/Documents/Ranger/Ranger_module_firmware/AceHigh_common/AceHigh_Src/ranger_bootloader.c:111:16:app_is_valid	16	static
C:/Users/torgj/Documents/Ranger/Ranger_module_firmware/AceHigh_common/AceHigh_Src/ranger_bootloader.c:152:13:jump_to_app	24	static,ignoring_inline_asm
C:/Users/torgj/Documents/Ranger/Ranger_module_firmware/AceHigh_common/AceHigh_Src/ranger_bootloader.c:199:16:erase_app_area	48	static
C:/Users/torgj/Documents/Ranger/Ranger_module_firmware/AceHigh_common/AceHigh_Src/ranger_bootloader.c:359:16:write_flash	32	static
C:/Users/torgj/Documents/Ranger/Ranger_module_firmware/AceHigh_common/AceHigh_Src/ranger_bootloader.c:456:16:flush_flash_buffer	48	static
C:/Users/torgj/Documents/Ranger/Ranger_module_firmware/AceHigh_common/AceHigh_Src/ranger_bootloader.c:588:6:bootloader_handle_frame	24	static
C:/Users/torgj/Documents/Ranger/Ranger_module_firmware/AceHigh_common/AceHigh_Src/ranger_bootloader.c:683:13:bootloader_handle_ping	32	static
C:/Users/torgj/Documents/Ranger/Ranger_module_firmware/AceHigh_common/AceHigh_Src/ranger_bootloader.c:715:13:bootloader_handle_start	32	static
C:/Users/torgj/Documents/Ranger/Ranger_module_firmware/AceHigh_common/AceHigh_Src/ranger_bootloader.c:813:13:bootloader_handle_data	40	static
C:/Users/torgj/Documents/Ranger/Ranger_module_firmware/AceHigh_common/AceHigh_Src/ranger_bootloader.c:986:13:bootloader_handle_end	32	static
