../Core/Src/main.c:71:5:main	8	static
../Core/Src/main.c:126:6:SystemClock_Config	88	static
../Core/Src/main.c:172:13:MX_FDCAN1_Init	8	static
../Core/Src/main.c:215:13:MX_I2C1_Init	8	static
../Core/Src/main.c:263:13:MX_I2C2_Init	8	static
../Core/Src/main.c:311:13:MX_SPI1_Init	8	static
../Core/Src/main.c:351:13:MX_SPI2_Init	8	static
../Core/Src/main.c:391:13:MX_TIM2_Init	88	static
../Core/Src/main.c:456:13:MX_TIM3_Init	40	static
../Core/Src/main.c:510:13:MX_GPIO_Init	40	static
../Core/Src/main.c:611:6:Error_Handler	4	static,ignoring_inline_asm
