../Core/Src/INA229.c:69:13:ina229_select	8	static
../Core/Src/INA229.c:76:13:ina229_deselect	8	static
../Core/Src/INA229.c:88:16:ina229_sign_extend_24	16	static
../Core/Src/INA229.c:114:26:ina229_write_register_16	24	static
../Core/Src/INA229.c:132:17:ina229_read_register_16	32	static
../Core/Src/INA229.c:154:17:ina229_read_register_24	40	static
../Core/Src/INA229.c:183:6:ina229_init	16	static
../Core/Src/INA229.c:236:7:ina229_read_bus_voltage_V	16	static
../Core/Src/INA229.c:254:7:ina229_read_current_A	16	static
../Core/Src/INA229.c:268:10:ina229_read_device_id	8	static
