../Core/Src/main.c:69:5:main	8	static
../Core/Src/main.c:123:6:SystemClock_Config	88	static
../Core/Src/main.c:169:13:MX_I2C1_Init	8	static
../Core/Src/main.c:217:13:MX_I2C2_Init	8	static
../Core/Src/main.c:266:13:MX_FDCAN1_Init	8	static
../Core/Src/main.c:309:13:MX_SPI1_Init	8	static
../Core/Src/main.c:349:13:MX_SPI2_Init	8	static
../Core/Src/main.c:389:13:MX_TIM2_Init	88	static
../Core/Src/main.c:458:13:MX_GPIO_Init	40	static
../Core/Src/main.c:558:6:Error_Handler	4	static,ignoring_inline_asm
