../Drivers/CMSIS/Include/core_cm4.h:1933:34:__NVIC_SystemReset	4	static,ignoring_inline_asm
../Core/Src/ranger_app.c:118:13:ranger_app_set_led_pa1	16	static
../Core/Src/ranger_app.c:142:6:ranger_app_init	16	static
../Core/Src/ranger_app.c:193:6:ranger_app_tick	24	static
../Core/Src/ranger_app.c:279:6:ranger_app_handle_command	24	static
../Core/Src/ranger_app.c:312:13:ranger_app_handle_read	32	static
../Core/Src/ranger_app.c:345:13:ranger_app_handle_write	32	static
../Core/Src/ranger_app.c:373:13:ranger_app_check_reset	8	static
../Core/Src/ranger_app.c:382:13:ranger_app_check_step_enable	8	static
../Core/Src/ranger_app.c:394:13:ranger_app_check_step_move	8	static
../Core/Src/ranger_app.c:404:13:ranger_set_step_dir	24	static
../Core/Src/ranger_app.c:439:13:ranger_step_move	96	static
../Core/Src/ranger_app.c:662:6:HAL_TIM_PeriodElapsedCallback	16	static
