../Drivers/CMSIS/Include/core_cm4.h:1933:34:__NVIC_SystemReset	4	static,ignoring_inline_asm
../Core/Src/ranger_app.c:83:13:ranger_app_set_led_pa1	16	static
../Core/Src/ranger_app.c:107:6:ranger_app_init	16	static
../Core/Src/ranger_app.c:150:6:ranger_app_tick	24	static
../Core/Src/ranger_app.c:219:6:ranger_app_handle_command	24	static
../Core/Src/ranger_app.c:252:13:ranger_app_handle_read	32	static
../Core/Src/ranger_app.c:285:13:ranger_app_handle_write	32	static
../Core/Src/ranger_app.c:313:13:ranger_app_check_reset	8	static
../Core/Src/ranger_app.c:322:13:ranger_app_check_step_enable	8	static
