../Drivers/CMSIS/Include/core_cm4.h:1933:34:__NVIC_SystemReset	4	static,ignoring_inline_asm
../Core/Src/ranger_app.c:85:13:ranger_app_set_led_pa1	16	static
../Core/Src/ranger_app.c:109:6:ranger_app_init	16	static
../Core/Src/ranger_app.c:156:6:ranger_app_tick	24	static
../Core/Src/ranger_app.c:232:6:ranger_app_handle_command	24	static
../Core/Src/ranger_app.c:265:13:ranger_app_handle_read	32	static
../Core/Src/ranger_app.c:298:13:ranger_app_handle_write	32	static
../Core/Src/ranger_app.c:326:13:ranger_app_check_reset	8	static
../Core/Src/ranger_app.c:335:13:ranger_app_check_step_enable	8	static
../Core/Src/ranger_app.c:352:6:ranger_set_step_frequency	24	static
