../Drivers/CMSIS/Include/core_cm4.h:1933:34:__NVIC_SystemReset	4	static,ignoring_inline_asm
../Core/Src/ranger_app.c:129:13:ranger_app_set_led_pa1	16	static
../Core/Src/ranger_app.c:153:6:ranger_app_init	16	static
../Core/Src/ranger_app.c:204:6:ranger_app_tick	24	static
../Core/Src/ranger_app.c:293:6:ranger_app_handle_command	24	static
../Core/Src/ranger_app.c:326:13:ranger_app_handle_read	32	static
../Core/Src/ranger_app.c:359:13:ranger_app_handle_write	32	static
../Core/Src/ranger_app.c:387:13:ranger_app_check_reset	8	static
../Core/Src/ranger_app.c:396:13:ranger_app_check_step_enable	8	static
../Core/Src/ranger_app.c:408:13:ranger_app_check_step_move	16	static
../Core/Src/ranger_app.c:447:13:ranger_app_check_step_status	8	static
../Core/Src/ranger_app.c:489:13:ranger_set_step_dir	16	static
../Core/Src/ranger_app.c:533:13:ranger_step_move	136	static
../Core/Src/ranger_app.c:663:13:ranger_load_next_step_chunk	16	static
../Core/Src/ranger_app.c:738:6:HAL_TIM_PeriodElapsedCallback	16	static
