../Drivers/CMSIS/Include/core_cm4.h:1933:34:__NVIC_SystemReset	4	static,ignoring_inline_asm
/Users/tor/Documents/Ranger/Ranger_module_firmware/AceHigh_common/AceHigh_Src/ranger_can.c:77:17:ranger_can_get_command_id	4	static
/Users/tor/Documents/Ranger/Ranger_module_firmware/AceHigh_common/AceHigh_Src/ranger_can.c:82:17:ranger_can_get_response_id	4	static
/Users/tor/Documents/Ranger/Ranger_module_firmware/AceHigh_common/AceHigh_Src/ranger_can.c:87:17:ranger_can_get_heartbeat_id	4	static
/Users/tor/Documents/Ranger/Ranger_module_firmware/AceHigh_common/AceHigh_Src/ranger_can.c:92:6:ranger_reset	8	static
/Users/tor/Documents/Ranger/Ranger_module_firmware/AceHigh_common/AceHigh_Src/ranger_can.c:103:6:ranger_can_init	8	static
/Users/tor/Documents/Ranger/Ranger_module_firmware/AceHigh_common/AceHigh_Src/ranger_can.c:139:6:ranger_can_send_response	64	static
/Users/tor/Documents/Ranger/Ranger_module_firmware/AceHigh_common/AceHigh_Src/ranger_can.c:192:6:ranger_can_send_heartbeat	24	static
/Users/tor/Documents/Ranger/Ranger_module_firmware/AceHigh_common/AceHigh_Src/ranger_can.c:225:9:ranger_can_receive_command	32	static,ignoring_inline_asm
/Users/tor/Documents/Ranger/Ranger_module_firmware/AceHigh_common/AceHigh_Src/ranger_can.c:254:9:ranger_can_get_node_id	4	static
/Users/tor/Documents/Ranger/Ranger_module_firmware/AceHigh_common/AceHigh_Src/ranger_can.c:263:6:ranger_can_request_node_id_change	16	static
/Users/tor/Documents/Ranger/Ranger_module_firmware/AceHigh_common/AceHigh_Src/ranger_can.c:277:6:ranger_can_process_pending_node_id_change	8	static
/Users/tor/Documents/Ranger/Ranger_module_firmware/AceHigh_common/AceHigh_Src/ranger_can.c:296:6:ranger_can_set_node_id	16	static,ignoring_inline_asm
/Users/tor/Documents/Ranger/Ranger_module_firmware/AceHigh_common/AceHigh_Src/ranger_can.c:348:13:ranger_can_config_filter	40	static
/Users/tor/Documents/Ranger/Ranger_module_firmware/AceHigh_common/AceHigh_Src/ranger_can.c:400:6:HAL_FDCAN_RxFifo0Callback	80	static
