../Core/Src/ranger_can.c:77:17:ranger_can_get_command_id	4	static
../Core/Src/ranger_can.c:82:17:ranger_can_get_response_id	4	static
../Core/Src/ranger_can.c:87:17:ranger_can_get_heartbeat_id	4	static
../Core/Src/ranger_can.c:98:6:ranger_can_init	8	static
../Core/Src/ranger_can.c:134:6:ranger_can_send_response	64	static
../Core/Src/ranger_can.c:187:6:ranger_can_send_heartbeat	24	static
../Core/Src/ranger_can.c:220:9:ranger_can_receive_command	32	static,ignoring_inline_asm
../Core/Src/ranger_can.c:249:9:ranger_can_get_node_id	4	static
../Core/Src/ranger_can.c:258:6:ranger_can_request_node_id_change	16	static
../Core/Src/ranger_can.c:272:6:ranger_can_process_pending_node_id_change	8	static
../Core/Src/ranger_can.c:291:6:ranger_can_set_node_id	16	static,ignoring_inline_asm
../Core/Src/ranger_can.c:343:13:ranger_can_config_filter	40	static
../Core/Src/ranger_can.c:395:6:HAL_FDCAN_RxFifo0Callback	80	static
